Info: Start Nativelink Simulation process
Info: NativeLink has detected Verilog design -- Verilog simulation models will be used

========= EDA Simulation Settings =====================

Sim Mode              :  RTL
Family                :  stratixii
Quartus root          :  c:/altera/91/quartus/bin/
Quartus sim root      :  c:/altera/91/quartus/eda/sim_lib
Simulation Tool       :  modelsim
Simulation Language   :  verilog
Simulation Mode       :  GUI
Sim Output File       :  counter_8bits_74163.vo
Sim SDF file          :  counter_8bits_74163__verilog.sdo
Sim dir               :  simulation\modelsim

=======================================================

Info: Starting NativeLink simulation with ModelSim software
Sourced NativeLink script c:/altera/91/quartus/common/tcl/internal/nativelink/modelsim.tcl
Warning: File counter_8bits_74163_run_msim_rtl_verilog.do already exists - backing up current file as counter_8bits_74163_run_msim_rtl_verilog.do.bak4
Info: Spawning ModelSim Simulation software 
